
> cplqg-template@0.0.0 build
> vite build

[36mvite v5.4.21 [32mbuilding for production...[36m[39m
transforming...
node.exe : 
At line:1 char:1
+ & "C:\Program 
Files\nodejs/node.exe" 
"C:\Program 
Files\nodejs/node_mo 
...
+ ~~~~~~~~~~~~~~~~~~~~~
~~~~~~~~~~~~~~~~~~~~~~~
~~~~~~~~~~~~~~~~~~~~~~~
~~
    + CategoryInfo     
         : NotSpecifi  
  ed: (:String) [],    
 RemoteException
    + FullyQualifiedEr 
   rorId : NativeComm  
  andError
 
/pattern.png 
referenced in 
/pattern.png didn't 
resolve at build time, 
it will remain 
unchanged to be 
resolved at runtime
[32mΓ£ô[39m 51 modules transformed.
[31mx[39m Build 
failed in 1.22s
[31merror during 
build:
[31m[vite:esbuild] 
Transform failed with 
1 error:
D:/CPLQG/CPLQG-Template
/src/pages/forum/ForumD
ashboardPage.jsx:3:9: 
ERROR: The symbol 
"Link" has already 
been declared[31m
file: [36mD:/CPLQG/CPL
QG-Template/src/pages/f
orum/ForumDashboardPage
.jsx:3:9[31m
[33m
[33mThe symbol "Link" 
has already been 
declared[33m
1  |  import React, { 
useState } from 
'react';
2  |  import { Link } 
from 
'react-router-dom';
3  |  import { Link } 
from 
'react-router-dom';
   |           ^
4  |  import {
5  |      Home, 
ChevronRight, 
BarChart2, Filter, 
Download,
[31m
    at 
failureErrorWithLog (D:
\CPLQG\CPLQG-Template\n
ode_modules\esbuild\lib
\main.js:1472:15)
    at D:\CPLQG\CPLQG-T
emplate\node_modules\es
build\lib\main.js:755:5
0
    at responseCallback
s.<computed> (D:\CPLQG\
CPLQG-Template\node_mod
ules\esbuild\lib\main.j
s:622:9)
    at 
handleIncomingPacket (D
:\CPLQG\CPLQG-Template\
node_modules\esbuild\li
b\main.js:677:12)
    at 
Socket.readFromStdout (
D:\CPLQG\CPLQG-Template
\node_modules\esbuild\l
ib\main.js:600:7)
    at Socket.emit 
(node:events:508:28)
    at addChunk (node:i
nternal/streams/readabl
e:559:12)
    at readableAddChunk
PushByteMode (node:inte
rnal/streams/readable:5
10:3)
    at Readable.push (n
ode:internal/streams/re
adable:390:5)
    at 
Pipe.onStreamRead (node
:internal/stream_base_c
ommons:189:23)[39m
